// Jest Snapshot v1, https://goo.gl/fbAQLP

exports[`movie pages shows movies list 1`] = `"<div><h1>Movies</h1><div class=\\"movie\\"><h2>The Matrix - from server (1999)</h2><p>A computer hacker learns from mysterious rebels about the true nature of his reality and his role in the war against its controllers.</p></div><div class=\\"movie\\"><h2>The Color Purple - from server (1985)</h2><p>A black Southern woman (Whoopi Goldberg) struggles to find her identity after suffering years of abuse from her father and others over 40 years.</p></div><div class=\\"movie\\"><h2>Dino the Dinosaur (1880)</h2><p>Little dinosaurus eating plants</p></div></div>"`;
